[21/Sept/2026:06:16:55 -08:00: profiler/info] Detected Qualcomm SOC=SC8380XP. SOC Model=60, Hexagon arch=73, supports QNN=true, unsigned PDs=true, fp16=true, QNN flavor=default.
[21/Sept/2026:06:16:55 -08:00: profiler/info] This device type has up to 1 HTP cores but this may not reflect the current device's configuration.
[21/Sept/2026:06:16:55 -08:00: profiler/info] -=- Tungsten running task: compiling -=-
[21/Sept/2026:06:16:55 -08:00: profiler/info] Setting Windows DLL directory to C:\Temp\TestContent\bin\qnn_sdk\default\2.45.0\aarch64-windows-msvc.
[20/Sept/2026:23:16:55 -07:00: profiler/debug] [job_id: jg9zk7ywp] [model.onnx] No on-device processing required for ONNX model Models/model.onnx.
[20/Sept/2026:23:16:55 -07:00: profiler/info] [job_id: jg9zk7ywp] [model.onnx] Status Successfully Compiled with t = 0 us and usage: before = 0.0 kB; peakBefore = 0.0 kB; mallocUnusedBefore = 0.0 kB; after = 0.0 kB; peakAfter = 0.0 kB; mallocUnusedAfter = 0.0 kB; increase = 0.0-0.0 kB; peak = 0.0-0.0 kB
[20/Sept/2026:23:16:55 -07:00: profiler/info] [job_id: jg9zk7ywp] [model.onnx] Saving results to C:\Temp\QDC_logs\TungstenArtifacts\Results\job_jg9zk7ywp\job_jg9zk7ywp_results.bin
[21/Sept/2026:06:16:55 -08:00: profiler/info] Detected Qualcomm SOC=SC8380XP. SOC Model=60, Hexagon arch=73, supports QNN=true, unsigned PDs=true, fp16=true, QNN flavor=default.
[21/Sept/2026:06:16:55 -08:00: profiler/info] This device type has up to 1 HTP cores but this may not reflect the current device's configuration.
[21/Sept/2026:06:16:55 -08:00: profiler/info] -=- Tungsten running task: loading -=-
[21/Sept/2026:06:16:55 -08:00: profiler/info] Setting Windows DLL directory to C:\Temp\TestContent\bin\qnn_sdk\default\2.45.0\aarch64-windows-msvc.
[20/Sept/2026:23:16:55 -07:00: profiler/info] [job_id: jg9zk7ywp] [model.onnx] Loading previously saved results in C:\Temp\QDC_logs\TungstenArtifacts\Results\job_jg9zk7ywp\job_jg9zk7ywp_results.bin
[20/Sept/2026:23:16:55 -07:00: profiler/info] [job_id: jg9zk7ywp] [model.onnx] Loading onnx model C:\Temp\TestContent\Models\model.onnx
[20/Sept/2026:23:16:55 -07:00: profiler/debug] [job_id: jg9zk7ywp] [model.onnx] PageFaultCount: 5768
[20/Sept/2026:23:16:55 -07:00: profiler/debug] [job_id: jg9zk7ywp] [model.onnx] PeakWorkingSetSize: 20955136
[20/Sept/2026:23:16:55 -07:00: profiler/debug] [job_id: jg9zk7ywp] [model.onnx] WorkingSetSize: 20955136
[20/Sept/2026:23:16:55 -07:00: profiler/debug] [job_id: jg9zk7ywp] [model.onnx] QuotaPeakPagedPoolUsage: 262152
[20/Sept/2026:23:16:55 -07:00: profiler/debug] [job_id: jg9zk7ywp] [model.onnx] QuotaPagedPoolUsage: 256064
[20/Sept/2026:23:16:55 -07:00: profiler/debug] [job_id: jg9zk7ywp] [model.onnx] QuotaPeakNonPagedPoolUsage: 14088
[20/Sept/2026:23:16:55 -07:00: profiler/debug] [job_id: jg9zk7ywp] [model.onnx] PagefileUsage: 4898816
[20/Sept/2026:23:16:55 -07:00: profiler/debug] [job_id: jg9zk7ywp] [model.onnx] PeakPagefileUsage: 4898816
[20/Sept/2026:23:16:55 -07:00: profiler/info] [job_id: jg9zk7ywp] [model.onnx] Current memory commmit: 4784.0 kB.
[20/Sept/2026:23:16:55 -07:00: profiler/info] [job_id: jg9zk7ywp] [model.onnx] Adding QNN Execution Provider using C:\Temp\TestContent\bin\qnn_sdk\default\2.45.0\aarch64-windows-msvc\QnnHtp.dll.
[20/Sept/2026:23:16:55 -07:00: profiler/info] [job_id: jg9zk7ywp] [model.onnx] profiling_level = optrace
[20/Sept/2026:23:16:55 -07:00: profiler/info] [job_id: jg9zk7ywp] [model.onnx] Creating context binary cache: C:\Temp\QDC_logs\TungstenCache\model.onnx_11670091639314237005_13434445014637\model_ctx.onnx
[20/Sept/2026:23:16:55 -07:00: profiler/info] [job_id: jg9zk7ywp] [model.onnx] htp_performance_mode = burst
[20/Sept/2026:23:16:55 -07:00: profiler/info] [job_id: jg9zk7ywp] [model.onnx] htp_graph_finalization_optimization_mode = 3
[20/Sept/2026:23:16:55 -07:00: profiler/info] [job_id: jg9zk7ywp] [model.onnx] enable_htp_fp16_precision = 1. This should normally be '1' unless the model is fully quantized or on a device that does not support fp16.
[20/Sept/2026:23:16:55 -07:00: profiler/info] [job_id: jg9zk7ywp] [model.onnx] skip_qnn_version_check = 1
[20/Sept/2026:23:16:55 -07:00: profiler/info] [job_id: jg9zk7ywp] [model.onnx] context_priority = normal
[20/Sept/2026:23:16:55 -07:00: profiler/info] [job_id: jg9zk7ywp] [model.onnx] offload_graph_io_quantization = 1
[20/Sept/2026:23:16:55 -07:00: profiler/info] [job_id: jg9zk7ywp] [model.onnx] Adding CPU Execution Provider
[20/Sept/2026:23:16:55 -07:00: profiler/info] [job_id: jg9zk7ywp] [model.onnx] Loaded ONNX Runtime version 1.27.1.
[20/Sept/2026:23:16:55 -07:00: profiler/info] [job_id: jg9zk7ywp] [model.onnx] Loading ONNX model from mapped file C:\Temp\TestContent\Models\model.onnx.
[20/Sept/2026:23:16:56 -07:00: profiler/warning] [job_id: jg9zk7ywp] [model.onnx] [onnxruntime] Unable to get producer node for OrtValueInfo 'node_Erf_2' that is not owned by an OrtGraph.
[20/Sept/2026:23:16:56 -07:00: profiler/warning] [job_id: jg9zk7ywp] [model.onnx] [onnxruntime] Unable to get producer node for OrtValueInfo 'node_conv1d' that is not owned by an OrtGraph.
[20/Sept/2026:23:16:56 -07:00: profiler/warning] [job_id: jg9zk7ywp] [model.onnx] [onnxruntime] Unable to get producer node for OrtValueInfo 'node_Erf_9' that is not owned by an OrtGraph.
[20/Sept/2026:23:16:56 -07:00: profiler/warning] [job_id: jg9zk7ywp] [model.onnx] [onnxruntime] Unable to get producer node for OrtValueInfo 'node_conv1d_1' that is not owned by an OrtGraph.
[20/Sept/2026:23:16:56 -07:00: profiler/warning] [job_id: jg9zk7ywp] [model.onnx] [onnxruntime] Unable to get producer node for OrtValueInfo 'val_80' that is not owned by an OrtGraph.
[20/Sept/2026:23:16:56 -07:00: profiler/warning] [job_id: jg9zk7ywp] [model.onnx] [onnxruntime] Unable to get producer node for OrtValueInfo 'linear_4' that is not owned by an OrtGraph.
[20/Sept/2026:23:16:56 -07:00: profiler/warning] [job_id: jg9zk7ywp] [model.onnx] [onnxruntime] Unable to get producer node for OrtValueInfo 'add_1' that is not owned by an OrtGraph.
[20/Sept/2026:23:16:56 -07:00: profiler/warning] [job_id: jg9zk7ywp] [model.onnx] [onnxruntime] Unable to get producer node for OrtValueInfo 'val_145' that is not owned by an OrtGraph.
[20/Sept/2026:23:16:56 -07:00: profiler/warning] [job_id: jg9zk7ywp] [model.onnx] [onnxruntime] Unable to get producer node for OrtValueInfo 'linear_10' that is not owned by an OrtGraph.
[20/Sept/2026:23:16:56 -07:00: profiler/warning] [job_id: jg9zk7ywp] [model.onnx] [onnxruntime] Unable to get producer node for OrtValueInfo 'add_3' that is not owned by an OrtGraph.
[20/Sept/2026:23:16:56 -07:00: profiler/warning] [job_id: jg9zk7ywp] [model.onnx] [onnxruntime] Unable to get producer node for OrtValueInfo 'val_210' that is not owned by an OrtGraph.
[20/Sept/2026:23:16:56 -07:00: profiler/warning] [job_id: jg9zk7ywp] [model.onnx] [onnxruntime] Unable to get producer node for OrtValueInfo 'linear_16' that is not owned by an OrtGraph.
[20/Sept/2026:23:16:56 -07:00: profiler/warning] [job_id: jg9zk7ywp] [model.onnx] [onnxruntime] Unable to get producer node for OrtValueInfo 'add_5' that is not owned by an OrtGraph.
[20/Sept/2026:23:16:56 -07:00: profiler/warning] [job_id: jg9zk7ywp] [model.onnx] [onnxruntime] Unable to get producer node for OrtValueInfo 'val_275' that is not owned by an OrtGraph.
[20/Sept/2026:23:16:56 -07:00: profiler/warning] [job_id: jg9zk7ywp] [model.onnx] [onnxruntime] Unable to get producer node for OrtValueInfo 'linear_22' that is not owned by an OrtGraph.
[20/Sept/2026:23:16:56 -07:00: profiler/warning] [job_id: jg9zk7ywp] [model.onnx] [onnxruntime] Unable to get producer node for OrtValueInfo 'add_7' that is not owned by an OrtGraph.
[20/Sept/2026:23:16:58 -07:00: profiler/error] [job_id: jg9zk7ywp] [model.onnx] [onnxruntime] Failed to finalize QNN graph. Error code: 6000 at location qnn_model.cc:382 onnxruntime::qnn::QnnModel::FinalizeGraphs 
[20/Sept/2026:23:17:00 -07:00: profiler/error] [job_id: jg9zk7ywp] [model.onnx] [onnxruntime] Failed to finalize QNN graph. Error code: 6000 at location qnn_model.cc:382 onnxruntime::qnn::QnnModel::FinalizeGraphs 
[20/Sept/2026:23:17:09 -07:00: profiler/error] [job_id: jg9zk7ywp] [model.onnx] [onnxruntime] Failed to finalize QNN graph. Error code: 6000 at location qnn_model.cc:382 onnxruntime::qnn::QnnModel::FinalizeGraphs 
[20/Sept/2026:23:17:11 -07:00: profiler/error] [job_id: jg9zk7ywp] [model.onnx] [onnxruntime] Failed to finalize QNN graph. Error code: 6000 at location qnn_model.cc:382 onnxruntime::qnn::QnnModel::FinalizeGraphs 
[20/Sept/2026:23:17:11 -07:00: profiler/error] [job_id: jg9zk7ywp] [model.onnx] [onnxruntime] Failed to finalize QNN graph. Error code: 6000 at location qnn_model.cc:382 onnxruntime::qnn::QnnModel::FinalizeGraphs 
[20/Sept/2026:23:17:11 -07:00: profiler/error] [job_id: jg9zk7ywp] [model.onnx] [onnxruntime] Failed to finalize QNN graph. Error code: 6000 at location qnn_model.cc:382 onnxruntime::qnn::QnnModel::FinalizeGraphs 
[20/Sept/2026:23:17:12 -07:00: profiler/error] [job_id: jg9zk7ywp] [model.onnx] Error loading: Failed to finalize QNN graph.
[20/Sept/2026:23:17:12 -07:00: profiler/info] [job_id: jg9zk7ywp] [model.onnx] Saving results to C:\Temp\QDC_logs\TungstenArtifacts\Results\job_jg9zk7ywp\job_jg9zk7ywp_results.bin
