[29/Sept/2026:04:54:44 -08:00: profiler/info] Detected Qualcomm SOC=SC8380XP. SOC Model=60, Hexagon arch=73, supports QNN=true, unsigned PDs=true, fp16=true, QNN flavor=default.
[29/Sept/2026:04:54:44 -08:00: profiler/info] This device type has up to 1 HTP cores but this may not reflect the current device's configuration.
[29/Sept/2026:04:54:44 -08:00: profiler/info] -=- Tungsten running task: compiling -=-
[29/Sept/2026:04:54:44 -08:00: profiler/info] Setting Windows DLL directory to C:\Temp\TestContent\bin\qnn_sdk\default\2.50.0\aarch64-windows-msvc.
[28/Sept/2026:21:54:44 -07:00: profiler/debug] [job_id: jp8edo2op] [model.onnx] No on-device processing required for ONNX model Models/model.onnx.
[28/Sept/2026:21:54:44 -07:00: profiler/info] [job_id: jp8edo2op] [model.onnx] Status Successfully Compiled with t = 0 us and usage: before = 0.0 kB; peakBefore = 0.0 kB; mallocUnusedBefore = 0.0 kB; after = 0.0 kB; peakAfter = 0.0 kB; mallocUnusedAfter = 0.0 kB; increase = 0.0-0.0 kB; peak = 0.0-0.0 kB
[28/Sept/2026:21:54:44 -07:00: profiler/info] [job_id: jp8edo2op] [model.onnx] Saving results to C:\Temp\QDC_logs\TungstenArtifacts\Results\job_jp8edo2op\job_jp8edo2op_results.bin
[29/Sept/2026:04:54:44 -08:00: profiler/info] Detected Qualcomm SOC=SC8380XP. SOC Model=60, Hexagon arch=73, supports QNN=true, unsigned PDs=true, fp16=true, QNN flavor=default.
[29/Sept/2026:04:54:44 -08:00: profiler/info] This device type has up to 1 HTP cores but this may not reflect the current device's configuration.
[29/Sept/2026:04:54:44 -08:00: profiler/info] -=- Tungsten running task: loading -=-
[29/Sept/2026:04:54:44 -08:00: profiler/info] Setting Windows DLL directory to C:\Temp\TestContent\bin\qnn_sdk\default\2.50.0\aarch64-windows-msvc.
[28/Sept/2026:21:54:44 -07:00: profiler/info] [job_id: jp8edo2op] [model.onnx] Loading previously saved results in C:\Temp\QDC_logs\TungstenArtifacts\Results\job_jp8edo2op\job_jp8edo2op_results.bin
[28/Sept/2026:21:54:44 -07:00: profiler/info] [job_id: jp8edo2op] [model.onnx] Loading onnx model C:\Temp\TestContent\Models\model.onnx
[28/Sept/2026:21:54:44 -07:00: profiler/debug] [job_id: jp8edo2op] [model.onnx] PageFaultCount: 5816
[28/Sept/2026:21:54:44 -07:00: profiler/debug] [job_id: jp8edo2op] [model.onnx] PeakWorkingSetSize: 21159936
[28/Sept/2026:21:54:44 -07:00: profiler/debug] [job_id: jp8edo2op] [model.onnx] WorkingSetSize: 21159936
[28/Sept/2026:21:54:44 -07:00: profiler/debug] [job_id: jp8edo2op] [model.onnx] QuotaPeakPagedPoolUsage: 264816
[28/Sept/2026:21:54:44 -07:00: profiler/debug] [job_id: jp8edo2op] [model.onnx] QuotaPagedPoolUsage: 257864
[28/Sept/2026:21:54:44 -07:00: profiler/debug] [job_id: jp8edo2op] [model.onnx] QuotaPeakNonPagedPoolUsage: 13224
[28/Sept/2026:21:54:44 -07:00: profiler/debug] [job_id: jp8edo2op] [model.onnx] PagefileUsage: 4968448
[28/Sept/2026:21:54:44 -07:00: profiler/debug] [job_id: jp8edo2op] [model.onnx] PeakPagefileUsage: 4968448
[28/Sept/2026:21:54:44 -07:00: profiler/info] [job_id: jp8edo2op] [model.onnx] Current memory commmit: 4852.0 kB.
[28/Sept/2026:21:54:44 -07:00: profiler/info] [job_id: jp8edo2op] [model.onnx] Adding QNN Execution Provider using C:\Temp\TestContent\bin\qnn_sdk\default\2.50.0\aarch64-windows-msvc\QnnHtp.dll.
[28/Sept/2026:21:54:44 -07:00: profiler/info] [job_id: jp8edo2op] [model.onnx] profiling_level = optrace
[28/Sept/2026:21:54:44 -07:00: profiler/info] [job_id: jp8edo2op] [model.onnx] Creating context binary cache: C:\Temp\QDC_logs\TungstenCache\model.onnx_11670091639314237005_13435175724000\model_ctx.onnx
[28/Sept/2026:21:54:44 -07:00: profiler/info] [job_id: jp8edo2op] [model.onnx] htp_performance_mode = burst
[28/Sept/2026:21:54:44 -07:00: profiler/info] [job_id: jp8edo2op] [model.onnx] htp_graph_finalization_optimization_mode = 3
[28/Sept/2026:21:54:44 -07:00: profiler/info] [job_id: jp8edo2op] [model.onnx] enable_htp_fp16_precision = 1. This should normally be '1' unless the model is fully quantized or on a device that does not support fp16.
[28/Sept/2026:21:54:44 -07:00: profiler/info] [job_id: jp8edo2op] [model.onnx] skip_qnn_version_check = 1
[28/Sept/2026:21:54:44 -07:00: profiler/info] [job_id: jp8edo2op] [model.onnx] context_priority = normal
[28/Sept/2026:21:54:44 -07:00: profiler/info] [job_id: jp8edo2op] [model.onnx] offload_graph_io_quantization = 1
[28/Sept/2026:21:54:44 -07:00: profiler/info] [job_id: jp8edo2op] [model.onnx] Adding CPU Execution Provider
[28/Sept/2026:21:54:44 -07:00: profiler/info] [job_id: jp8edo2op] [model.onnx] Loaded ONNX Runtime version 1.30.0.
[28/Sept/2026:21:54:44 -07:00: profiler/info] [job_id: jp8edo2op] [model.onnx] Loading ONNX model from file path C:\Temp\TestContent\Models\model.onnx with an external weight file.
[28/Sept/2026:21:54:45 -07:00: profiler/warning] [job_id: jp8edo2op] [model.onnx] [onnxruntime] QNN.backendValidateOpConfig() failed for node `node_GatherND_46` of type `GatherNd` with error code 3110

[28/Sept/2026:21:54:45 -07:00: profiler/warning] [job_id: jp8edo2op] [model.onnx] [onnxruntime] QNN.backendValidateOpConfig() failed for node `node_GatherND_46_2` of type `GatherNd` with error code 3110

[28/Sept/2026:21:54:45 -07:00: profiler/warning] [job_id: jp8edo2op] [model.onnx] [onnxruntime] Unable to get producer node for OrtValueInfo 'transpose_2_QuantizeLinear_Output' that is not owned by an OrtGraph.
[28/Sept/2026:21:54:48 -07:00: profiler/error] [job_id: jp8edo2op] [model.onnx] Error loading: Failed to finalize QNN graph. Error: QNN_COMMON_ERROR_MEM_ALLOC: Memory allocation related error., Code: 1002
[28/Sept/2026:21:54:48 -07:00: profiler/info] [job_id: jp8edo2op] [model.onnx] Saving results to C:\Temp\QDC_logs\TungstenArtifacts\Results\job_jp8edo2op\job_jp8edo2op_results.bin
